Microchip MPLAB XC8 Compiler V2.40

Linker command line:

-W-3 \
  --edf=C:\Program Files\Microchip\xc8\v2.40\pic\dat\20220703182018_en.msgs \
  -cn -h+dist/default/production\Simple_Calculator.X.production.sym \
  --cmf=dist/default/production\Simple_Calculator.X.production.cmf -z \
  -Q18F4620 -oC:\Users\Ehab\AppData\Local\Temp\xcAsa9s.4 \
  --defsym=__MPLAB_BUILD=1 --fixupoverflow=error \
  -Mdist/default/production/Simple_Calculator.X.production.map \
  --md=C:\Users\Ehab\AppData\Local\Temp\xcAsa9s.dat -E1 -ver=XC8 Compiler \
  --acfsm=1493 -ACODE=00h-0FFFFh -ACONST=00h-0FFFFh \
  -ASMALLCONST=01000h-010FFhx240 -AMEDIUMCONST=01000h-0FFFFh \
  -ACOMRAM=01h-07Fh -AABS1=00h-0F7Fh -ABIGRAM=01h-0F7Fh \
  -ARAM=080h-0FFh,0100h-01FFhx14,0F00h-0F7Fh -ABANK0=080h-0FFh \
  -ABANK1=0100h-01FFh -ABANK2=0200h-02FFh -ABANK3=0300h-03FFh \
  -ABANK4=0400h-04FFh -ABANK5=0500h-05FFh -ABANK6=0600h-06FFh \
  -ABANK7=0700h-07FFh -ABANK8=0800h-08FFh -ABANK9=0900h-09FFh \
  -ABANK10=0A00h-0AFFh -ABANK11=0B00h-0BFFh -ABANK12=0C00h-0CFFh \
  -ABANK13=0D00h-0DFFh -ABANK14=0E00h-0EFFh -ABANK15=0F00h-0F7Fh \
  -ASFR=0F80h-0FFFh -ABIGSFR=0F80h-0FFFh -ACONFIG=0300000h-030000Dh \
  -AIDLOC=0200000h-0200007h -AEEDATA=0F00000h-0F003FFh -peeprom_data=EEDATA \
  -preset_vec=00h,intcode,intcodelo,powerup,init -pramtop=01000h \
  -psmallconst=SMALLCONST -pmediumconst=MEDIUMCONST -pconst=CONST \
  -AFARRAM=00h-00h \
  -prdata=COMRAM,nvrram=COMRAM,nvbit=COMRAM,rbss=COMRAM,rbit=COMRAM \
  -pfarbss=FARRAM,fardata=FARRAM,nvFARRAM=FARRAM \
  -pintsave_regs=BIGRAM,bigbss=BIGRAM,bigdata=BIGRAM -pbss=RAM \
  -pidata=CODE,irdata=CODE,ibigdata=CODE,ifardata=CODE -prparam=COMRAM \
  C:\Users\Ehab\AppData\Local\Temp\xcAsa9s.o \
  dist/default/production\Simple_Calculator.X.production.o 

Object code version is 3.11

Machine type is 18F4620



                Name                               Link     Load   Length Selector   Space Scale
C:\Users\Ehab\AppData\Local\Temp\xcAsa9s.o
                idloc                            200000   200000        8        0       5
                config                           300000   300000        E        0       4
                init                                  0        0        4        0       0
dist/default/production\Simple_Calculator.X.production.o
                idloc                            200000   200000        8        0       5
                config                           300000   300000        E        0       4
                smallconst                         1000     1000       16      800       0
                text35                             21D8     21D8      10C      80B       0
                text34                             1E48     1E48      144      80B       0
                text33                             1F8C     1F8C      12C      80B       0
                text32                             287C     287C       6C      80B       0
                text31                             25E4     25E4       98      80B       0
                text30                             2B1A     2B1A       4A      80B       0
                text29                             2704     2704       88      80B       0
                text28                             20B8     20B8      120      80B       0
                text27                             2D04     2D04       1E      80B       0
                text26                             2D2C     2D2C        8      80B       0
                text25                             28E8     28E8       6A      80B       0
                text24                             2CB2     2CB2       2C      80B       0
                text23                             2B64     2B64       46      80B       0
                text22                             1854     1854      192      80B       0
                text21                             2492     2492       B8      80B       0
                text20                             22E4     22E4       E4      80B       0
                text19                             2952     2952       68      80B       0
                text18                             267C     267C       88      80B       0
                text17                             254A     254A       9A      80B       0
                text16                             2C72     2C72       40      80B       0
                text15                             29BA     29BA       64      80B       0
                text14                             2BEE     2BEE       44      80B       0
                text13                             1B6E     1B6E      176      80B       0
                text12                             19E6     19E6      188      80B       0
                text11                             1CE4     1CE4      164      80B       0
                text10                             2C32     2C32       40      80B       0
                text9                              2D34     2D34        2      80B       0
                text8                              23C8     23C8       CA      80B       0
                text7                              2BAA     2BAA       44      80B       0
                text6                              278C     278C       7A      80B       0
                text5                              1384     1384      27E      80B       0
                text4                              1602     1602      252      80B       0
                text3                              2ACC     2ACC       4E      80B       0
                text2                              2A7E     2A7E       4E      80B       0
                text1                              2A1E     2A1E       60      80B       0
                text0                              1016     1016      36E      80B       0
                cstackCOMRAM                          1        1       7C        1       1
                cstackBANK0                          80       80       3A       80       1
                dataBANK1                           132      132        A      100       1
                bssBANK1                            100      100       32      100       1
                dataBANK0                            BA       BA       26       80       1
                bssBANK0                             E0       E0       1A       80       1
                dataCOMRAM                           7E       7E        1        1       1
                bssCOMRAM                            7D       7D        1        1       1
                cinit                              2806     2806       76      80B       0
                nvBANK0                              FA       FA        1       80       1
                idataBANK1                         2D22     2D22        A      80B       0
                idataBANK0                         2CDE     2CDE       26      80B       0
                idataCOMRAM                        2D36     2D36        1      80B       0

TOTAL           Name                               Link     Load   Length     Space
        CLASS   CODE           
                init                                  0        0        4         0
                text35                             21D8     21D8      10C         0
                text34                             1E48     1E48      144         0
                text33                             1F8C     1F8C      12C         0
                text32                             287C     287C       6C         0
                text31                             25E4     25E4       98         0
                text30                             2B1A     2B1A       4A         0
                text29                             2704     2704       88         0
                text28                             20B8     20B8      120         0
                text27                             2D04     2D04       1E         0
                text26                             2D2C     2D2C        8         0
                text25                             28E8     28E8       6A         0
                text24                             2CB2     2CB2       2C         0
                text23                             2B64     2B64       46         0
                text22                             1854     1854      192         0
                text21                             2492     2492       B8         0
                text20                             22E4     22E4       E4         0
                text19                             2952     2952       68         0
                text18                             267C     267C       88         0
                text17                             254A     254A       9A         0
                text16                             2C72     2C72       40         0
                text15                             29BA     29BA       64         0
                text14                             2BEE     2BEE       44         0
                text13                             1B6E     1B6E      176         0
                text12                             19E6     19E6      188         0
                text11                             1CE4     1CE4      164         0
                text10                             2C32     2C32       40         0
                text9                              2D34     2D34        2         0
                text8                              23C8     23C8       CA         0
                text7                              2BAA     2BAA       44         0
                text6                              278C     278C       7A         0
                text5                              1384     1384      27E         0
                text4                              1602     1602      252         0
                text3                              2ACC     2ACC       4E         0
                text2                              2A7E     2A7E       4E         0
                text1                              2A1E     2A1E       60         0
                text0                              1016     1016      36E         0
                cinit                              2806     2806       76         0
                idataBANK1                         2D22     2D22        A         0
                idataBANK0                         2CDE     2CDE       26         0
                idataCOMRAM                        2D36     2D36        1         0

        CLASS   CONST          

        CLASS   SMALLCONST     
                smallconst                         1000     1000       16         0

        CLASS   MEDIUMCONST    

        CLASS   COMRAM         
                cstackCOMRAM                          1        1       7C         1
                dataCOMRAM                           7E       7E        1         1
                bssCOMRAM                            7D       7D        1         1

        CLASS   ABS1           

        CLASS   BIGRAM         

        CLASS   RAM            

        CLASS   BANK0          
                cstackBANK0                          80       80       3A         1
                dataBANK0                            BA       BA       26         1
                bssBANK0                             E0       E0       1A         1
                nvBANK0                              FA       FA        1         1

        CLASS   BANK1          
                dataBANK1                           132      132        A         1
                bssBANK1                            100      100       32         1

        CLASS   BANK2          

        CLASS   BANK3          

        CLASS   BANK4          

        CLASS   BANK5          

        CLASS   BANK6          

        CLASS   BANK7          

        CLASS   BANK8          

        CLASS   BANK9          

        CLASS   BANK10         

        CLASS   BANK11         

        CLASS   BANK12         

        CLASS   BANK13         

        CLASS   BANK14         

        CLASS   BANK15         

        CLASS   SFR            

        CLASS   BIGSFR         

        CLASS   CONFIG         
                config                           300000   300000        E         4

        CLASS   IDLOC          
                idloc                            200000   200000        8         5

        CLASS   EEDATA         

        CLASS   FARRAM         

        CLASS   HEAP           

        CLASS   STACK          



SEGMENTS        Name                           Load    Length   Top    Selector   Space  Class

                reset_vec                      000000  000004  000004         0       0  CODE    
                cstackCOMRAM                   000001  00007E  00007F         1       1  COMRAM  
                cstackBANK0                    000080  00007B  0000FB        80       1  BANK0   
                bssBANK1                       000100  00003C  00013C       100       1  BANK1   
                smallconst                     001000  000016  001016       800       0  SMALLCON
                text0                          001016  001D21  002D37       80B       0  CODE    


UNUSED ADDRESS RANGES

        Name                Unused          Largest block    Delta
        BANK0            0000FB-0000FF                5
        BANK1            00013C-0001FF               C4
        BANK10           000A00-000AFF              100
        BANK11           000B00-000BFF              100
        BANK12           000C00-000CFF              100
        BANK13           000D00-000DFF              100
        BANK14           000E00-000EFF              100
        BANK15           000F00-000F7F               80
        BANK2            000200-0002FF              100
        BANK3            000300-0003FF              100
        BANK4            000400-0004FF              100
        BANK5            000500-0005FF              100
        BANK6            000600-0006FF              100
        BANK7            000700-0007FF              100
        BANK8            000800-0008FF              100
        BANK9            000900-0009FF              100
        BIGRAM           00007F-00007F                1
                         0000FB-0000FF                5
                         00013C-000F7F              E44
        BIGSFR           000F80-000FFF               80
        CODE             000004-000FFF              FFC
                         002D37-00FFFF             D2C9
        COMRAM           00007F-00007F                1
        CONST            000004-000FFF              FFC
                         002D37-00FFFF             D2C9
        EEDATA           F00000-F003FF              400
        MEDIUMCONST      002D37-00FFFF             D2C9
        RAM              0000FB-0000FF                5
                         00013C-000F7F              100
        SFR              000F80-000FFF               80
        SMALLCONST       002D37-00FFFF              100

                                  Symbol Table

?___aldiv                                cstackCOMRAM 000001
?___aodiv                                cstackCOMRAM 000001
?___aomod                                cstackCOMRAM 000001
?___lmul                                 cstackCOMRAM 000001
?_abs                                    cstackCOMRAM 000013
?_atol                                   cstackCOMRAM 00000D
?_isdigit                                cstackCOMRAM 000001
?_isspace                                cstackCOMRAM 000001
?_sprintf                                cstackCOMRAM 000066
?_vfprintf                               cstackCOMRAM 00005E
_LATA                                    (abs)        000F89
_LATB                                    (abs)        000F8A
_LATC                                    (abs)        000F8B
_LATD                                    (abs)        000F8C
_LATE                                    (abs)        000F8D
_PORTA                                   (abs)        000F80
_PORTB                                   (abs)        000F81
_PORTC                                   (abs)        000F82
_PORTD                                   (abs)        000F83
_PORTE                                   (abs)        000F84
_TRISA                                   (abs)        000F92
_TRISB                                   (abs)        000F93
_TRISC                                   (abs)        000F94
_TRISD                                   (abs)        000F95
_TRISE                                   (abs)        000F96
__HRAM                                   (abs)        000000
__Habs1                                  abs1         000000
__Hbank0                                 bank0        000000
__Hbank1                                 bank1        000000
__Hbank10                                bank10       000000
__Hbank11                                bank11       000000
__Hbank12                                bank12       000000
__Hbank13                                bank13       000000
__Hbank14                                bank14       000000
__Hbank15                                bank15       000000
__Hbank2                                 bank2        000000
__Hbank3                                 bank3        000000
__Hbank4                                 bank4        000000
__Hbank5                                 bank5        000000
__Hbank6                                 bank6        000000
__Hbank7                                 bank7        000000
__Hbank8                                 bank8        000000
__Hbank9                                 bank9        000000
__Hbigbss                                bigbss       000000
__Hbigdata                               bigdata      000000
__Hbigram                                bigram       000000
__Hbigsfr                                bigsfr       000000
__Hbss                                   bss          000000
__HbssBANK0                              bssBANK0     000000
__HbssBANK1                              bssBANK1     000000
__HbssCOMRAM                             bssCOMRAM    000000
__Hcinit                                 cinit        000000
__Hclrtext                               clrtext      000000
__Hcomram                                comram       000000
__Hconfig                                config       30000E
__Hconst                                 const        000000
__HcstackBANK0                           cstackBANK0  000000
__HcstackCOMRAM                          cstackCOMRAM 000000
__Hdata                                  data         000000
__HdataBANK0                             dataBANK0    000000
__HdataBANK1                             dataBANK1    000000
__HdataCOMRAM                            dataCOMRAM   000000
__Heeprom_data                           eeprom_data  000000
__Hfarbss                                farbss       000000
__Hfardata                               fardata      000000
__Hheap                                  heap         000000
__Hibigdata                              ibigdata     000000
__Hidata                                 idata        000000
__HidataBANK0                            idataBANK0   000000
__HidataBANK1                            idataBANK1   000000
__HidataCOMRAM                           idataCOMRAM  000000
__Hidloc                                 idloc        200008
__Hifardata                              ifardata     000000
__Hinit                                  init         000004
__Hintcode                               intcode      000000
__Hintcode_body                          intcode_body 000000
__Hintcodelo                             intcodelo    000000
__Hintentry                              intentry     000000
__Hintret                                intret       000000
__Hintsave_regs                          intsave_regs 000000
__Hirdata                                irdata       000000
__Hmediumconst                           mediumconst  000000
__HnvBANK0                               nvBANK0      000000
__HnvFARRAM                              nvFARRAM     000000
__Hnvbit                                 nvbit        000000
__Hnvrram                                nvrram       000000
__Hparam                                 rparam       000000
__Hpowerup                               powerup      000000
__Hram                                   ram          000000
__Hramtop                                ramtop       001000
__Hrbit                                  rbit         000000
__Hrbss                                  rbss         000000
__Hrdata                                 rdata        000000
__Hreset_vec                             reset_vec    000000
__Hrparam                                rparam       000000
__Hsfr                                   sfr          000000
__Hsmallconst                            smallconst   001016
__Hspace_0                               (abs)        002D37
__Hspace_1                               (abs)        00013C
__Hspace_2                               (abs)        000000
__Hspace_4                               (abs)        60000E
__Hstack                                 stack        000000
__Hstruct                                struct       000000
__Htemp                                  temp         000000
__Htext                                  text         000000
__Htext0                                 text0        000000
__Htext1                                 text1        000000
__Htext10                                text10       000000
__Htext11                                text11       000000
__Htext12                                text12       000000
__Htext13                                text13       000000
__Htext14                                text14       000000
__Htext15                                text15       000000
__Htext16                                text16       000000
__Htext17                                text17       000000
__Htext18                                text18       000000
__Htext19                                text19       000000
__Htext2                                 text2        000000
__Htext20                                text20       000000
__Htext21                                text21       000000
__Htext22                                text22       000000
__Htext23                                text23       000000
__Htext24                                text24       000000
__Htext25                                text25       000000
__Htext26                                text26       000000
__Htext27                                text27       000000
__Htext28                                text28       000000
__Htext29                                text29       000000
__Htext3                                 text3        000000
__Htext30                                text30       000000
__Htext31                                text31       000000
__Htext32                                text32       000000
__Htext33                                text33       000000
__Htext34                                text34       000000
__Htext35                                text35       000000
__Htext4                                 text4        000000
__Htext5                                 text5        000000
__Htext6                                 text6        000000
__Htext7                                 text7        000000
__Htext8                                 text8        000000
__Htext9                                 text9        000000
__LRAM                                   (abs)        000001
__Labs1                                  abs1         000000
__Lbank0                                 bank0        000000
__Lbank1                                 bank1        000000
__Lbank10                                bank10       000000
__Lbank11                                bank11       000000
__Lbank12                                bank12       000000
__Lbank13                                bank13       000000
__Lbank14                                bank14       000000
__Lbank15                                bank15       000000
__Lbank2                                 bank2        000000
__Lbank3                                 bank3        000000
__Lbank4                                 bank4        000000
__Lbank5                                 bank5        000000
__Lbank6                                 bank6        000000
__Lbank7                                 bank7        000000
__Lbank8                                 bank8        000000
__Lbank9                                 bank9        000000
__Lbigbss                                bigbss       000000
__Lbigdata                               bigdata      000000
__Lbigram                                bigram       000000
__Lbigsfr                                bigsfr       000000
__Lbss                                   bss          000000
__LbssBANK0                              bssBANK0     000000
__LbssBANK1                              bssBANK1     000000
__LbssCOMRAM                             bssCOMRAM    000000
__Lcinit                                 cinit        000000
__Lclrtext                               clrtext      000000
__Lcomram                                comram       000000
__Lconfig                                config       000000
__Lconst                                 const        000000
__LcstackBANK0                           cstackBANK0  000000
__LcstackCOMRAM                          cstackCOMRAM 000000
__Ldata                                  data         000000
__LdataBANK0                             dataBANK0    000000
__LdataBANK1                             dataBANK1    000000
__LdataCOMRAM                            dataCOMRAM   000000
__Leeprom_data                           eeprom_data  000000
__Lfarbss                                farbss       000000
__Lfardata                               fardata      000000
__Lheap                                  heap         000000
__Libigdata                              ibigdata     000000
__Lidata                                 idata        000000
__LidataBANK0                            idataBANK0   000000
__LidataBANK1                            idataBANK1   000000
__LidataCOMRAM                           idataCOMRAM  000000
__Lidloc                                 idloc        000000
__Lifardata                              ifardata     000000
__Linit                                  init         000000
__Lintcode                               intcode      000000
__Lintcode_body                          intcode_body 000000
__Lintcodelo                             intcodelo    000000
__Lintentry                              intentry     000000
__Lintret                                intret       000000
__Lintsave_regs                          intsave_regs 000000
__Lirdata                                irdata       000000
__Lmediumconst                           mediumconst  000000
__LnvBANK0                               nvBANK0      000000
__LnvFARRAM                              nvFARRAM     000000
__Lnvbit                                 nvbit        000000
__Lnvrram                                nvrram       000000
__Lparam                                 rparam       000000
__Lpowerup                               powerup      000000
__Lram                                   ram          000000
__Lramtop                                ramtop       001000
__Lrbit                                  rbit         000000
__Lrbss                                  rbss         000000
__Lrdata                                 rdata        000000
__Lreset_vec                             reset_vec    000000
__Lrparam                                rparam       000000
__Lsfr                                   sfr          000000
__Lsmallconst                            smallconst   001000
__Lspace_0                               (abs)        000000
__Lspace_1                               (abs)        000000
__Lspace_2                               (abs)        000000
__Lspace_4                               (abs)        000000
__Lstack                                 stack        000000
__Lstruct                                struct       000000
__Ltemp                                  temp         000000
__Ltext                                  text         000000
__Ltext0                                 text0        000000
__Ltext1                                 text1        000000
__Ltext10                                text10       000000
__Ltext11                                text11       000000
__Ltext12                                text12       000000
__Ltext13                                text13       000000
__Ltext14                                text14       000000
__Ltext15                                text15       000000
__Ltext16                                text16       000000
__Ltext17                                text17       000000
__Ltext18                                text18       000000
__Ltext19                                text19       000000
__Ltext2                                 text2        000000
__Ltext20                                text20       000000
__Ltext21                                text21       000000
__Ltext22                                text22       000000
__Ltext23                                text23       000000
__Ltext24                                text24       000000
__Ltext25                                text25       000000
__Ltext26                                text26       000000
__Ltext27                                text27       000000
__Ltext28                                text28       000000
__Ltext29                                text29       000000
__Ltext3                                 text3        000000
__Ltext30                                text30       000000
__Ltext31                                text31       000000
__Ltext32                                text32       000000
__Ltext33                                text33       000000
__Ltext34                                text34       000000
__Ltext35                                text35       000000
__Ltext4                                 text4        000000
__Ltext5                                 text5        000000
__Ltext6                                 text6        000000
__Ltext7                                 text7        000000
__Ltext8                                 text8        000000
__Ltext9                                 text9        000000
__S0                                     (abs)        002D37
__S1                                     (abs)        00013C
__S4                                     (abs)        000000
__S5                                     (abs)        000000
___aldiv                                 text35       0021D8
___aldiv@counter                         cstackCOMRAM 000009
___aldiv@dividend                        cstackCOMRAM 000001
___aldiv@divisor                         cstackCOMRAM 000005
___aldiv@quotient                        cstackCOMRAM 00000B
___aldiv@sign                            cstackCOMRAM 00000A
___aodiv                                 text12       0019E6
___aodiv@counter                         cstackCOMRAM 000011
___aodiv@dividend                        cstackCOMRAM 000001
___aodiv@divisor                         cstackCOMRAM 000009
___aodiv@quotient                        cstackCOMRAM 000013
___aodiv@sign                            cstackCOMRAM 000012
___aomod                                 text11       001CE4
___aomod@counter                         cstackCOMRAM 000011
___aomod@dividend                        cstackCOMRAM 000001
___aomod@divisor                         cstackCOMRAM 000009
___aomod@sign                            cstackCOMRAM 000012
___heap_hi                               (abs)        000000
___heap_lo                               (abs)        000000
___inthi_sp                              stack        000000
___intlo_sp                              stack        000000
___lmul                                  text25       0028E8
___lmul@multiplicand                     cstackCOMRAM 000005
___lmul@multiplier                       cstackCOMRAM 000001
___lmul@product                          cstackCOMRAM 000009
___param_bank                            (abs)        000000
___rparam_used                           (abs)        000001
___sp                                    stack        000000
__accesstop                              (abs)        000080
__activetblptr                           (abs)        000002
__end_of___aldiv                         text35       0022E4
__end_of___aodiv                         text12       001B6E
__end_of___aomod                         text11       001E48
__end_of___lmul                          text25       002952
__end_of__initialization                 cinit        002872
__end_of_abs                             text10       002C72
__end_of_application_intialize           text26       002D34
__end_of_atol                            text22       0019E6
__end_of_dtoa                            text5        001602
__end_of_ecu_layer_intialize             text27       002D22
__end_of_fputc                           text8        002492
__end_of_fputs                           text7        002BEE
__end_of_gpio_pin_direction_intialize    text34       001F8C
__end_of_gpio_pin_intialize              text32       0028E8
__end_of_gpio_pin_read_logic             text21       00254A
__end_of_gpio_pin_write_logic            text33       0020B8
__end_of_isdigit                         text24       002CDE
__end_of_isspace                         text23       002BAA
__end_of_keypad_get_value                text20       0023C8
__end_of_keypad_intialize                text31       00267C
__end_of_keypad_matrix                   smallconst   001011
__end_of_keypad_read_value               text19       0029BA
__end_of_lcd_8bit_intialize              text28       0021D8
__end_of_lcd_8bit_send_char              text18       002704
__end_of_lcd_8bit_send_char_pos          text16       002CB2
__end_of_lcd_8bit_send_command           text29       00278C
__end_of_lcd_8bit_send_string            text15       002A1E
__end_of_lcd_8bit_send_string_pos        text14       002C32
__end_of_lcd_8bit_set_cursor             text17       0025E4
__end_of_lcd_convert_int_to_string       text1        002A7E
__end_of_main                            text0        001384
__end_of_memset                          text13       001CE4
__end_of_pad                             text6        002806
__end_of_putch                           text9        002D36
__end_of_send_8bit_enable_signal         text30       002B64
__end_of_sprintf                         text2        002ACC
__end_of_vfpfcnvrt                       text4        001854
__end_of_vfprintf                        text3        002B1A
__initialization                         cinit        002806
__mediumconst                            mediumconst  000000
__pbssBANK0                              bssBANK0     0000E0
__pbssBANK1                              bssBANK1     000100
__pbssCOMRAM                             bssCOMRAM    00007D
__pcinit                                 cinit        002806
__pcstackBANK0                           cstackBANK0  000080
__pcstackCOMRAM                          cstackCOMRAM 000001
__pdataBANK0                             dataBANK0    0000BA
__pdataBANK1                             dataBANK1    000132
__pdataCOMRAM                            dataCOMRAM   00007E
__pidataBANK0                            idataBANK0   002CDE
__pidataBANK1                            idataBANK1   002D22
__pidataCOMRAM                           idataCOMRAM  002D36
__pnvBANK0                               nvBANK0      0000FA
__psmallconst                            smallconst   001000
__ptext0                                 text0        001016
__ptext1                                 text1        002A1E
__ptext10                                text10       002C32
__ptext11                                text11       001CE4
__ptext12                                text12       0019E6
__ptext13                                text13       001B6E
__ptext14                                text14       002BEE
__ptext15                                text15       0029BA
__ptext16                                text16       002C72
__ptext17                                text17       00254A
__ptext18                                text18       00267C
__ptext19                                text19       002952
__ptext2                                 text2        002A7E
__ptext20                                text20       0022E4
__ptext21                                text21       002492
__ptext22                                text22       001854
__ptext23                                text23       002B64
__ptext24                                text24       002CB2
__ptext25                                text25       0028E8
__ptext26                                text26       002D2C
__ptext27                                text27       002D04
__ptext28                                text28       0020B8
__ptext29                                text29       002704
__ptext3                                 text3        002ACC
__ptext30                                text30       002B1A
__ptext31                                text31       0025E4
__ptext32                                text32       00287C
__ptext33                                text33       001F8C
__ptext34                                text34       001E48
__ptext35                                text35       0021D8
__ptext4                                 text4        001602
__ptext5                                 text5        001384
__ptext6                                 text6        00278C
__ptext7                                 text7        002BAA
__ptext8                                 text8        0023C8
__ptext9                                 text9        002D34
__ramtop                                 ramtop       001000
__smallconst                             smallconst   001000
_abs                                     text10       002C32
_application_intialize                   text26       002D2C
_atol                                    text22       001854
_data_index                              bssBANK0     0000F8
_dbuf                                    bssBANK1     000112
_dtoa                                    text5        001384
_dtoa$954                                cstackCOMRAM 00002E
_ecu_layer_intialize                     text27       002D04
_flags                                   bssCOMRAM    00007D
_fputc                                   text8        0023C8
_fputs                                   text7        002BAA
_gpio_pin_direction_intialize            text34       001E48
_gpio_pin_intialize                      text32       00287C
_gpio_pin_read_logic                     text21       002492
_gpio_pin_write_logic                    text33       001F8C
_isdigit                                 text24       002CB2
_isspace                                 text23       002B64
_isspace$862                             cstackCOMRAM 000005
_keypad                                  dataBANK0    0000D8
_keypad_get_value                        text20       0022E4
_keypad_intialize                        text31       0025E4
_keypad_matrix                           smallconst   001001
_keypad_read_value                       text19       002952
_keypad_value                            nvBANK0      0000FA
_lat_registers                           dataBANK0    0000BA
_lcd                                     dataBANK0    0000CE
_lcd_8bit_intialize                      text28       0020B8
_lcd_8bit_send_char                      text18       00267C
_lcd_8bit_send_char_pos                  text16       002C72
_lcd_8bit_send_command                   text29       002704
_lcd_8bit_send_string                    text15       0029BA
_lcd_8bit_send_string_pos                text14       002BEE
_lcd_8bit_set_cursor                     text17       00254A
_lcd_convert_int_to_string               text1        002A1E
_lcd_output_char_col                     bssBANK0     0000F9
_main                                    text0        001016
_main$385                                cstackBANK0  0000A7
_main$386                                cstackBANK0  0000AB
_memset                                  text13       001B6E
_pad                                     text6        00278C
_port_registers                          dataBANK1    000132
_prec                                    bssBANK0     0000F6
_putch                                   text9        002D34
_read_data                               bssBANK0     0000E0
_ret                                     dataCOMRAM   00007E
_send_8bit_enable_signal                 text30       002B1A
_sprintf                                 text2        002A7E
_tris_registers                          dataBANK0    0000C4
_vfpfcnvrt                               text4        001602
_vfprintf                                text3        002ACC
_width                                   bssBANK0     0000F4
abs@a                                    cstackCOMRAM 000013
atol@n                                   cstackCOMRAM 000018
atol@neg                                 cstackCOMRAM 000016
atol@s                                   cstackCOMRAM 00000D
dtoa@d                                   cstackCOMRAM 00001E
dtoa@fp                                  cstackCOMRAM 00001C
dtoa@i                                   cstackCOMRAM 00003C
dtoa@n                                   cstackCOMRAM 000034
dtoa@p                                   cstackCOMRAM 000030
dtoa@s                                   cstackCOMRAM 00003E
dtoa@w                                   cstackCOMRAM 000032
ecu_layer_intialize@ret                  cstackCOMRAM 00001D
end_of_initialization                    cinit        002872
fputc@c                                  cstackCOMRAM 000001
fputc@fp                                 cstackCOMRAM 000003
fputs@c                                  cstackCOMRAM 00000E
fputs@fp                                 cstackCOMRAM 00000C
fputs@i                                  cstackCOMRAM 00000F
fputs@s                                  cstackCOMRAM 00000A
gpio_pin_direction_intialize@_pin_config cstackCOMRAM 000001
gpio_pin_direction_intialize@ret         cstackCOMRAM 000009
gpio_pin_intialize@_pin_config           cstackCOMRAM 00000B
gpio_pin_intialize@ret                   cstackCOMRAM 00000E
gpio_pin_read_logic@_pin_config          cstackCOMRAM 000001
gpio_pin_read_logic@logic                cstackCOMRAM 000003
gpio_pin_read_logic@ret                  cstackCOMRAM 00000A
gpio_pin_write_logic@_pin_config         cstackCOMRAM 000001
gpio_pin_write_logic@logic               cstackCOMRAM 000003
gpio_pin_write_logic@ret                 cstackCOMRAM 00000A
intlevel0                                text         000000
intlevel1                                text         000000
intlevel2                                text         000000
intlevel3                                text         000000
isa$std                                  (abs)        000001
isa$xinst                                (abs)        000000
isdigit@c                                cstackCOMRAM 000001
isspace@c                                cstackCOMRAM 000001
keypad_get_value@col                     cstackCOMRAM 000013
keypad_get_value@keypad                  cstackCOMRAM 00000B
keypad_get_value@logic                   cstackCOMRAM 000012
keypad_get_value@ret                     cstackCOMRAM 000011
keypad_get_value@rows                    cstackCOMRAM 000014
keypad_get_value@value                   cstackCOMRAM 00000D
keypad_intialize@col_counter             cstackCOMRAM 000016
keypad_intialize@keypad                  cstackCOMRAM 00000F
keypad_intialize@ret                     cstackCOMRAM 000013
keypad_intialize@rows_counter            cstackCOMRAM 000014
keypad_read_value@current_value          cstackCOMRAM 000016
keypad_read_value@new_value              cstackCOMRAM 000017
lcd_8bit_intialize@lcd                   cstackCOMRAM 000017
lcd_8bit_intialize@pin                   cstackCOMRAM 00001B
lcd_8bit_intialize@ret                   cstackCOMRAM 00001C
lcd_8bit_send_char@data                  cstackCOMRAM 000010
lcd_8bit_send_char@lcd                   cstackCOMRAM 00000E
lcd_8bit_send_char@line_data_pin         cstackCOMRAM 000016
lcd_8bit_send_char@ret                   cstackCOMRAM 000015
lcd_8bit_send_char_pos@colomn            cstackCOMRAM 000021
lcd_8bit_send_char_pos@data              cstackCOMRAM 000022
lcd_8bit_send_char_pos@lcd               cstackCOMRAM 00001E
lcd_8bit_send_char_pos@ret               cstackCOMRAM 000023
lcd_8bit_send_char_pos@row               cstackCOMRAM 000020
lcd_8bit_send_command@command            cstackCOMRAM 000010
lcd_8bit_send_command@lcd                cstackCOMRAM 00000E
lcd_8bit_send_command@line_data_pin      cstackCOMRAM 000016
lcd_8bit_send_command@ret                cstackCOMRAM 000015
lcd_8bit_send_string@lcd                 cstackCOMRAM 000017
lcd_8bit_send_string@ret                 cstackCOMRAM 00001B
lcd_8bit_send_string@string              cstackCOMRAM 000019
lcd_8bit_send_string_pos@colomn          cstackCOMRAM 000021
lcd_8bit_send_string_pos@lcd             cstackCOMRAM 00001E
lcd_8bit_send_string_pos@ret             cstackCOMRAM 000024
lcd_8bit_send_string_pos@row             cstackCOMRAM 000020
lcd_8bit_send_string_pos@string          cstackCOMRAM 000022
lcd_8bit_set_cursor@colomn               cstackCOMRAM 00001A
lcd_8bit_set_cursor@lcd                  cstackCOMRAM 000017
lcd_8bit_set_cursor@ret                  cstackCOMRAM 00001D
lcd_8bit_set_cursor@row                  cstackCOMRAM 000019
lcd_convert_int_to_string@ret            cstackCOMRAM 00007B
lcd_convert_int_to_string@str            cstackBANK0  000084
lcd_convert_int_to_string@value          cstackBANK0  000080
main@first_num_text                      cstackBANK0  00008F
main@index                               cstackBANK0  0000B9
main@num1_val                            cstackBANK0  0000B1
main@num2_val                            cstackBANK0  0000B5
main@operator                            cstackBANK0  0000B0
main@result                              cstackBANK0  0000A3
main@result_text                         cstackBANK0  000098
main@second_num_text                     cstackBANK0  000086
main@second_value_index                  cstackBANK0  0000AF
memset@c                                 cstackCOMRAM 000003
memset@dest                              cstackCOMRAM 000001
memset@k                                 cstackCOMRAM 000009
memset@n                                 cstackCOMRAM 000005
memset@s                                 cstackCOMRAM 00000B
pad@buf                                  cstackCOMRAM 000013
pad@fp                                   cstackCOMRAM 000011
pad@i                                    cstackCOMRAM 000018
pad@p                                    cstackCOMRAM 000015
pad@w                                    cstackCOMRAM 00001A
send_8bit_enable_signal@lcd              cstackCOMRAM 00000B
send_8bit_enable_signal@ret              cstackCOMRAM 00000D
sprintf@ap                               cstackCOMRAM 00006E
sprintf@f                                cstackCOMRAM 000070
sprintf@fmt                              cstackCOMRAM 000068
sprintf@s                                cstackCOMRAM 000066
stackhi                                  (abs)        000000
stacklo                                  (abs)        000000
start                                    init         000000
start_initialization                     cinit        002806
vfpfcnvrt@ap                             cstackCOMRAM 000043
vfpfcnvrt@c                              cstackCOMRAM 00005B
vfpfcnvrt@convarg                        cstackCOMRAM 000053
vfpfcnvrt@cp                             cstackCOMRAM 00005C
vfpfcnvrt@fmt                            cstackCOMRAM 000041
vfpfcnvrt@fp                             cstackCOMRAM 00003F
vfprintf@ap                              cstackCOMRAM 000062
vfprintf@cfmt                            cstackCOMRAM 000064
vfprintf@fmt                             cstackCOMRAM 000060
vfprintf@fp                              cstackCOMRAM 00005E


MODULE INFORMATION

Module		Function		Class		Link	Load	Size
C:\Program Files\Microchip\xc8\v2.40\pic\sources\c99\common\nf_fputc.c
		_fputc         		CODE           	23C8	0000	202

C:\Program Files\Microchip\xc8\v2.40\pic\sources\c99\common\nf_fputc.c estimated size: 202

C:\Program Files\Microchip\xc8\v2.40\pic\sources\c99\common\nf_sprintf.c
		_sprintf       		CODE           	2A7E	0000	78

C:\Program Files\Microchip\xc8\v2.40\pic\sources\c99\common\nf_sprintf.c estimated size: 78

calculator.c
		_main          		CODE           	1016	0000	878
		_application_intialize		CODE           	2D2C	0000	8
		_keypad_read_value		CODE           	2952	0000	104

calculator.c estimated size: 990

C:\Program Files\Microchip\xc8\v2.40\pic\sources\c99\common\isspace.c
		_isspace       		CODE           	2B64	0000	70

C:\Program Files\Microchip\xc8\v2.40\pic\sources\c99\common\isspace.c estimated size: 70

C:\Program Files\Microchip\xc8\v2.40\pic\sources\c99\common\aldiv.c
		___aldiv       		CODE           	21D8	0000	268

C:\Program Files\Microchip\xc8\v2.40\pic\sources\c99\common\aldiv.c estimated size: 268

C:\Program Files\Microchip\xc8\v2.40\pic\sources\c99\common\abs.c
		_abs           		CODE           	2C32	0000	64

C:\Program Files\Microchip\xc8\v2.40\pic\sources\c99\common\abs.c estimated size: 64

C:\Program Files\Microchip\xc8\v2.40\pic\sources\c99\common\isdigit.c
		_isdigit       		CODE           	2CB2	0000	44

C:\Program Files\Microchip\xc8\v2.40\pic\sources\c99\common\isdigit.c estimated size: 44

C:\Program Files\Microchip\xc8\v2.40\pic\sources\c99\common\Umul32.c
		___lmul        		CODE           	28E8	0000	106

C:\Program Files\Microchip\xc8\v2.40\pic\sources\c99\common\Umul32.c estimated size: 106

ECU_Layer/Char_LCD/ecu_char_lcd.c
		_lcd_8bit_intialize		CODE           	20B8	0000	288
		_lcd_8bit_set_cursor		CODE           	254A	0000	154
		_lcd_8bit_send_char_pos		CODE           	2C72	0000	64
		_send_8bit_enable_signal		CODE           	2B1A	0000	74
		_lcd_8bit_send_string		CODE           	29BA	0000	100
		_lcd_convert_int_to_string		CODE           	2A1E	0000	96
		_lcd_8bit_send_command		CODE           	2704	0000	136
		_lcd_8bit_send_string_pos		CODE           	2BEE	0000	68
		_lcd_8bit_send_char		CODE           	267C	0000	136

ECU_Layer/Char_LCD/ecu_char_lcd.c estimated size: 1116

C:\Program Files\Microchip\xc8\v2.40\pic\sources\c99\common\nf_fputs.c
		_fputs         		CODE           	2BAA	0000	68

C:\Program Files\Microchip\xc8\v2.40\pic\sources\c99\common\nf_fputs.c estimated size: 68

C:\Program Files\Microchip\xc8\v2.40\pic\sources\c99\common\atol.c
		_atol          		CODE           	1854	0000	402

C:\Program Files\Microchip\xc8\v2.40\pic\sources\c99\common\atol.c estimated size: 402

ECU_Layer/Keypad/ecu_keypad.c
		_keypad_get_value		CODE           	22E4	0000	228
		_keypad_intialize		CODE           	25E4	0000	152

ECU_Layer/Keypad/ecu_keypad.c estimated size: 380

C:\Program Files\Microchip\xc8\v2.40\pic\sources\c99\common\aomod.c
		___aomod       		CODE           	1CE4	0000	356

C:\Program Files\Microchip\xc8\v2.40\pic\sources\c99\common\aomod.c estimated size: 356

shared
		__initialization		CODE           	2806	0000	108
		_keypad_matrix 		SMALLCONST     	1001	0000	16

shared estimated size: 124

C:\Program Files\Microchip\xc8\v2.40\pic\sources\c99\common\memset.c
		_memset        		CODE           	1B6E	0000	374

C:\Program Files\Microchip\xc8\v2.40\pic\sources\c99\common\memset.c estimated size: 374

MCAL_Layer/GPIO/hal_gpio.c
		_gpio_pin_write_logic		CODE           	1F8C	0000	300
		_gpio_pin_intialize		CODE           	287C	0000	108
		_gpio_pin_read_logic		CODE           	2492	0000	184
		_gpio_pin_direction_intialize		CODE           	1E48	0000	324

MCAL_Layer/GPIO/hal_gpio.c estimated size: 916

C:\Program Files\Microchip\xc8\v2.40\pic\sources\c99\common\putch.c
		_putch         		CODE           	2D34	0000	2

C:\Program Files\Microchip\xc8\v2.40\pic\sources\c99\common\putch.c estimated size: 2

ECU_Layer/ecu_layer_initialize.c
		_ecu_layer_intialize		CODE           	2D04	0000	30

ECU_Layer/ecu_layer_initialize.c estimated size: 30

C:\Program Files\Microchip\xc8\v2.40\pic\sources\c99\common\doprnt.c
		_vfpfcnvrt     		CODE           	1602	0000	594
		_pad           		CODE           	278C	0000	122
		_dtoa          		CODE           	1384	0000	638
		_vfprintf      		CODE           	2ACC	0000	78

C:\Program Files\Microchip\xc8\v2.40\pic\sources\c99\common\doprnt.c estimated size: 1432

C:\Program Files\Microchip\xc8\v2.40\pic\sources\c99\common\aodiv.c
		___aodiv       		CODE           	19E6	0000	392

C:\Program Files\Microchip\xc8\v2.40\pic\sources\c99\common\aodiv.c estimated size: 392

